03-25 20:26:29.151 14115 14115 V ActivityScenario: Activity lifecycle changed event received but ignored because the intent does not match. startActivityIntent=Intent { act=android.intent.action.MAIN cat=[android.intent.category.LAUNCHER] cmp=com.example.dogglers/.HorizontalListActivity }, activity.getIntent()=Intent { act=android.intent.action.MAIN cat=[android.intent.category.LAUNCHER] flg=0x10000000 cmp=com.example.dogglers/androidx.test.core.app.InstrumentationActivityInvoker$EmptyActivity }, activity=androidx.test.core.app.InstrumentationActivityInvoker$EmptyActivity@30e7d2f
03-25 20:26:29.151 14115 14115 D LifecycleMonitor: callback completes: androidx.test.core.app.ActivityScenario$1@97954dd
03-25 20:26:29.181  1609  1785 D gralloc_ranchu: gralloc_alloc: Creating ashmem region of size 7753728
03-25 20:26:29.189  1609  1785 I chatty  : uid=1000(system) HwBinder:1609_1 identical 1 line
03-25 20:26:29.191  1609  1785 D gralloc_ranchu: gralloc_alloc: Creating ashmem region of size 7753728
03-25 20:26:29.205  1966  1966 I GoogleInputMethod: onFinishInput() : Dummy InputConnection bound
03-25 20:26:29.205  1966  1966 I GoogleInputMethod: onStartInput() : Dummy InputConnection bound
03-25 20:26:29.215 14115 14157 D EGL_emulation: eglMakeCurrent: 0xe44052a0: ver 3 0 (tinfo 0xe4403810)
03-25 20:26:29.221  3479 12215 I PBSessionCacheImpl: Deleted sessionId[909835345212] from persistence.
03-25 20:26:29.250  3479  3479 W SearchService: Abort, client detached.
03-25 20:26:29.268 14115 14115 D LifecycleMonitor: Lifecycle status change: androidx.test.core.app.InstrumentationActivityInvoker$EmptyActivity@30e7d2f in: PAUSED
03-25 20:26:29.268 14115 14115 D LifecycleMonitor: running callback: androidx.test.core.app.ActivityScenario$1@97954dd
03-25 20:26:29.269 14115 14115 V ActivityScenario: Activity lifecycle changed event received but ignored because the intent does not match. startActivityIntent=Intent { act=android.intent.action.MAIN cat=[android.intent.category.LAUNCHER] cmp=com.example.dogglers/.HorizontalListActivity }, activity.getIntent()=Intent { act=android.intent.action.MAIN cat=[android.intent.category.LAUNCHER] flg=0x10000000 cmp=com.example.dogglers/androidx.test.core.app.InstrumentationActivityInvoker$EmptyActivity }, activity=androidx.test.core.app.InstrumentationActivityInvoker$EmptyActivity@30e7d2f
03-25 20:26:29.269 14115 14115 D LifecycleMonitor: callback completes: androidx.test.core.app.ActivityScenario$1@97954dd
03-25 20:26:29.279 14115 14115 D LifecycleMonitor: Lifecycle status change: androidx.test.core.app.InstrumentationActivityInvoker$BootstrapActivity@3f200b4 in: DESTROYED
03-25 20:26:29.279 14115 14115 D LifecycleMonitor: running callback: androidx.test.core.app.ActivityScenario$1@97954dd
03-25 20:26:29.279 14115 14115 V ActivityScenario: Activity lifecycle changed event received but ignored because the intent does not match. startActivityIntent=Intent { act=android.intent.action.MAIN cat=[android.intent.category.LAUNCHER] cmp=com.example.dogglers/.HorizontalListActivity }, activity.getIntent()=Intent { act=android.intent.action.MAIN cat=[android.intent.category.LAUNCHER] flg=0x10008000 cmp=com.example.dogglers/androidx.test.core.app.InstrumentationActivityInvoker$BootstrapActivity (has extras) }, activity=androidx.test.core.app.InstrumentationActivityInvoker$BootstrapActivity@3f200b4
03-25 20:26:29.279 14115 14115 D LifecycleMonitor: callback completes: androidx.test.core.app.ActivityScenario$1@97954dd
03-25 20:26:29.279 14115 14115 W ActivityThread: handleWindowVisibility: no activity for token android.os.BinderProxy@ae2a328
03-25 20:26:29.285 14115 14115 D LifecycleMonitor: Lifecycle status change: androidx.test.core.app.InstrumentationActivityInvoker$EmptyActivity@4711e6 in: PRE_ON_CREATE
03-25 20:26:29.286 14115 14115 D LifecycleMonitor: running callback: androidx.test.core.app.ActivityScenario$1@97954dd
03-25 20:26:29.286 14115 14115 V ActivityScenario: Activity lifecycle changed event received but ignored because the intent does not match. startActivityIntent=Intent { act=android.intent.action.MAIN cat=[android.intent.category.LAUNCHER] cmp=com.example.dogglers/.HorizontalListActivity }, activity.getIntent()=Intent { act=android.intent.action.MAIN cat=[android.intent.category.LAUNCHER] flg=0x10000000 cmp=com.example.dogglers/androidx.test.core.app.InstrumentationActivityInvoker$EmptyActivity }, activity=androidx.test.core.app.InstrumentationActivityInvoker$EmptyActivity@4711e6
03-25 20:26:29.286 14115 14115 D LifecycleMonitor: callback completes: androidx.test.core.app.ActivityScenario$1@97954dd
03-25 20:26:29.295 14115 14115 D LifecycleMonitor: Lifecycle status change: androidx.test.core.app.InstrumentationActivityInvoker$EmptyActivity@4711e6 in: CREATED
03-25 20:26:29.295 14115 14115 D LifecycleMonitor: running callback: androidx.test.core.app.ActivityScenario$1@97954dd
03-25 20:26:29.295 14115 14115 V ActivityScenario: Activity lifecycle changed event received but ignored because the intent does not match. startActivityIntent=Intent { act=android.intent.action.MAIN cat=[android.intent.category.LAUNCHER] cmp=com.example.dogglers/.HorizontalListActivity }, activity.getIntent()=Intent { act=android.intent.action.MAIN cat=[android.intent.category.LAUNCHER] flg=0x10000000 cmp=com.example.dogglers/androidx.test.core.app.InstrumentationActivityInvoker$EmptyActivity }, activity=androidx.test.core.app.InstrumentationActivityInvoker$EmptyActivity@4711e6
03-25 20:26:29.295 14115 14115 D LifecycleMonitor: callback completes: androidx.test.core.app.ActivityScenario$1@97954dd
03-25 20:26:29.324 14115 14115 D LifecycleMonitor: Lifecycle status change: androidx.test.core.app.InstrumentationActivityInvoker$EmptyActivity@4711e6 in: STARTED
03-25 20:26:29.324 14115 14115 D LifecycleMonitor: running callback: androidx.test.core.app.ActivityScenario$1@97954dd
03-25 20:26:29.324 14115 14115 V ActivityScenario: Activity lifecycle changed event received but ignored because the intent does not match. startActivityIntent=Intent { act=android.intent.action.MAIN cat=[android.intent.category.LAUNCHER] cmp=com.example.dogglers/.HorizontalListActivity }, activity.getIntent()=Intent { act=android.intent.action.MAIN cat=[android.intent.category.LAUNCHER] flg=0x10000000 cmp=com.example.dogglers/androidx.test.core.app.InstrumentationActivityInvoker$EmptyActivity }, activity=androidx.test.core.app.InstrumentationActivityInvoker$EmptyActivity@4711e6
03-25 20:26:29.325 14115 14115 D LifecycleMonitor: callback completes: androidx.test.core.app.ActivityScenario$1@97954dd
03-25 20:26:29.337  1854  2506 I GnssLocationProvider: WakeLock acquired by sendMessage(SET_REQUEST, 0, com.android.server.location.GnssLocationProvider$GpsRequest@f0f5a54)
03-25 20:26:29.338  1854  1867 I GnssLocationProvider: WakeLock released by handleMessage(SET_REQUEST, 0, com.android.server.location.GnssLocationProvider$GpsRequest@f0f5a54)
03-25 20:26:29.340  2269  3304 I Places  : Converted 0 out of 1 WiFi scans
03-25 20:26:29.363 14115 14115 D LifecycleMonitor: Lifecycle status change: androidx.test.core.app.InstrumentationActivityInvoker$EmptyActivity@4711e6 in: RESUMED
03-25 20:26:29.363 14115 14115 D LifecycleMonitor: running callback: androidx.test.core.app.ActivityScenario$1@97954dd
03-25 20:26:29.364 14115 14115 V ActivityScenario: Activity lifecycle changed event received but ignored because the intent does not match. startActivityIntent=Intent { act=android.intent.action.MAIN cat=[android.intent.category.LAUNCHER] cmp=com.example.dogglers/.HorizontalListActivity }, activity.getIntent()=Intent { act=android.intent.action.MAIN cat=[android.intent.category.LAUNCHER] flg=0x10000000 cmp=com.example.dogglers/androidx.test.core.app.InstrumentationActivityInvoker$EmptyActivity }, activity=androidx.test.core.app.InstrumentationActivityInvoker$EmptyActivity@4711e6
03-25 20:26:29.364 14115 14115 D LifecycleMonitor: callback completes: androidx.test.core.app.ActivityScenario$1@97954dd
03-25 20:26:29.367  3479  9898 I WorkController: WorkProxy is not enqueued because WorkController is disposed: WorkProxy{Name=context::j, WorkerId=context, id=60994a9}
03-25 20:26:29.368  3479  9898 I WorkController: WorkProxy is not enqueued because WorkController is disposed: WorkProxy{Name=context::m, WorkerId=context, id=115fa2e}
03-25 20:26:29.370  3479  9898 I WorkController: WorkProxy is not enqueued because WorkController is disposed: WorkProxy{Name=context::n, WorkerId=context, id=629b9cf}
03-25 20:26:29.370  3479  9898 I WorkController: WorkProxy is not enqueued because WorkController is disposed: WorkProxy{Name=context::p, WorkerId=context, id=b7b5f5c}
03-25 20:26:29.379  1975  2181 D EGL_emulation: eglMakeCurrent: 0xe2c74b80: ver 3 0 (tinfo 0xcdbec350)
03-25 20:26:29.413  1663  1663 D SurfaceFlinger: duplicate layer name: changing com.example.dogglers/androidx.test.core.app.InstrumentationActivityInvoker$EmptyActivity to com.example.dogglers/androidx.test.core.app.InstrumentationActivityInvoker$EmptyActivity#1
03-25 20:26:29.419  1609  1785 D gralloc_ranchu: gralloc_alloc: Creating ashmem region of size 7753728
03-25 20:26:29.421  1609  1609 D gralloc_ranchu: gralloc_alloc: Creating ashmem region of size 7753728
03-25 20:26:29.427  1609  1785 D gralloc_ranchu: gralloc_alloc: Creating ashmem region of size 7753728
03-25 20:26:29.441  1966  1966 I GoogleInputMethod: onFinishInput() : Dummy InputConnection bound
03-25 20:26:29.451  1966  1966 I GoogleInputMethod: onStartInput() : Dummy InputConnection bound
03-25 20:26:29.451 14115 14157 D EGL_emulation: eglMakeCurrent: 0xe44052a0: ver 3 0 (tinfo 0xe4403810)
03-25 20:26:29.468  1854  1876 I ActivityManager: Displayed com.example.dogglers/androidx.test.core.app.InstrumentationActivityInvoker$EmptyActivity: +188ms (total +368ms)
03-25 20:26:29.474 14115 14115 D LifecycleMonitor: Lifecycle status change: androidx.test.core.app.InstrumentationActivityInvoker$EmptyActivity@30e7d2f in: STOPPED
03-25 20:26:29.474 14115 14115 D LifecycleMonitor: running callback: androidx.test.core.app.ActivityScenario$1@97954dd
03-25 20:26:29.474 14115 14115 V ActivityScenario: Activity lifecycle changed event received but ignored because the intent does not match. startActivityIntent=Intent { act=android.intent.action.MAIN cat=[android.intent.category.LAUNCHER] cmp=com.example.dogglers/.HorizontalListActivity }, activity.getIntent()=Intent { act=android.intent.action.MAIN cat=[android.intent.category.LAUNCHER] flg=0x10000000 cmp=com.example.dogglers/androidx.test.core.app.InstrumentationActivityInvoker$EmptyActivity }, activity=androidx.test.core.app.InstrumentationActivityInvoker$EmptyActivity@30e7d2f
03-25 20:26:29.474 14115 14115 D LifecycleMonitor: callback completes: androidx.test.core.app.ActivityScenario$1@97954dd
03-25 20:26:29.478 14115 14115 D LifecycleMonitor: Lifecycle status change: androidx.test.core.app.InstrumentationActivityInvoker$EmptyActivity@30e7d2f in: DESTROYED
03-25 20:26:29.478 14115 14115 D LifecycleMonitor: running callback: androidx.test.core.app.ActivityScenario$1@97954dd
03-25 20:26:29.479 14115 14115 V ActivityScenario: Activity lifecycle changed event received but ignored because the intent does not match. startActivityIntent=Intent { act=android.intent.action.MAIN cat=[android.intent.category.LAUNCHER] cmp=com.example.dogglers/.HorizontalListActivity }, activity.getIntent()=Intent { act=android.intent.action.MAIN cat=[android.intent.category.LAUNCHER] flg=0x10000000 cmp=com.example.dogglers/androidx.test.core.app.InstrumentationActivityInvoker$EmptyActivity }, activity=androidx.test.core.app.InstrumentationActivityInvoker$EmptyActivity@30e7d2f
03-25 20:26:29.479 14115 14115 D LifecycleMonitor: callback completes: androidx.test.core.app.ActivityScenario$1@97954dd
03-25 20:26:29.486 14115 14115 D LifecycleMonitor: Lifecycle status change: androidx.test.core.app.InstrumentationActivityInvoker$EmptyActivity@4711e6 in: PAUSED
03-25 20:26:29.486 14115 14115 D LifecycleMonitor: running callback: androidx.test.core.app.ActivityScenario$1@97954dd
03-25 20:26:29.486 14115 14115 V ActivityScenario: Activity lifecycle changed event received but ignored because the intent does not match. startActivityIntent=Intent { act=android.intent.action.MAIN cat=[android.intent.category.LAUNCHER] cmp=com.example.dogglers/.HorizontalListActivity }, activity.getIntent()=Intent { act=android.intent.action.MAIN cat=[android.intent.category.LAUNCHER] flg=0x10000000 cmp=com.example.dogglers/androidx.test.core.app.InstrumentationActivityInvoker$EmptyActivity }, activity=androidx.test.core.app.InstrumentationActivityInvoker$EmptyActivity@4711e6
03-25 20:26:29.487 14115 14115 D LifecycleMonitor: callback completes: androidx.test.core.app.ActivityScenario$1@97954dd
03-25 20:26:29.488  1975  2181 D EGL_emulation: eglMakeCurrent: 0xe2c74b80: ver 3 0 (tinfo 0xcdbec350)
03-25 20:26:29.496  1663  1663 W SurfaceFlinger: couldn't log to binary event log: overflow.
03-25 20:26:29.515  1609  1785 D gralloc_ranchu: gralloc_alloc: Creating ashmem region of size 8298496
03-25 20:26:29.524  1609  1785 D gralloc_ranchu: gralloc_alloc: Creating ashmem region of size 8298496
03-25 20:26:29.529  1663  1663 D SurfaceFlinger: duplicate layer name: changing com.google.android.apps.nexuslauncher/com.google.android.apps.nexuslauncher.NexusLauncherActivity to com.google.android.apps.nexuslauncher/com.google.android.apps.nexuslauncher.NexusLauncherActivity#1
03-25 20:26:29.530  1609  1785 D gralloc_ranchu: gralloc_alloc: Creating ashmem region of size 8298496
03-25 20:26:29.531  1609  1609 D gralloc_ranchu: gralloc_alloc: Creating ashmem region of size 8298496
03-25 20:26:29.532  1609  1787 D gralloc_ranchu: gralloc_alloc: Creating ashmem region of size 8298496
03-25 20:26:29.533  1609  1609 D gralloc_ranchu: gralloc_alloc: Creating ashmem region of size 8298496
03-25 20:26:29.555  3479  3517 D EGL_emulation: eglMakeCurrent: 0xe4406320: ver 3 0 (tinfo 0xe44034f0)
03-25 20:26:29.566  3041  3193 D EGL_emulation: eglMakeCurrent: 0xce571e00: ver 3 0 (tinfo 0xce4fd810)
03-25 20:26:29.600  3479  3479 W SessionLifecycleManager: Handover failed. Creating new session controller.
03-25 20:26:29.601  1609  1609 D gralloc_ranchu: gralloc_alloc: Creating ashmem region of size 8298496
03-25 20:26:29.607  3479  3479 W ThreadPoolDumper: Queue length for executor Lightweight is now 11. Perhaps some tasks are too long, or the pool is too small.
03-25 20:26:29.632  1966  1966 I GoogleInputMethod: onFinishInput() : Dummy InputConnection bound
03-25 20:26:29.633  1966  1966 I GoogleInputMethod: onStartInput() : Dummy InputConnection bound
03-25 20:26:29.693  1975  2181 D EGL_emulation: eglMakeCurrent: 0xe2c74b80: ver 3 0 (tinfo 0xcdbec350)
03-25 20:26:29.725  3479 12217 W LocationOracle: No location history returned by ContextManager
03-25 20:26:29.736  3479  3479 I MicroDetectionWorker: #startMicroDetector [speakerMode: 0]
03-25 20:26:29.736  3479  3479 I AudioController: Using mInputStreamFactoryBuilder
03-25 20:26:29.736  3479  3479 I AudioController: Created new AudioSource
03-25 20:26:29.737  3479  3479 I MicroDetectionWorker: onReady
03-25 20:26:29.749  1854  2025 I GnssLocationProvider: WakeLock acquired by sendMessage(REPORT_SV_STATUS, 0, com.android.server.location.GnssLocationProvider$SvStatusInfo@76819b)
03-25 20:26:29.749  1854  1867 I GnssLocationProvider: WakeLock released by handleMessage(REPORT_SV_STATUS, 0, com.android.server.location.GnssLocationProvider$SvStatusInfo@76819b)
03-25 20:26:29.778  1975  2035 I ndroid.systemu: Waiting for a blocking GC ProfileSaver
03-25 20:26:29.790  1975  2181 D EGL_emulation: eglMakeCurrent: 0xe2c74b80: ver 3 0 (tinfo 0xcdbec350)
03-25 20:26:29.800  3041  3058 W System  : A resource failed to call release.
03-25 20:26:29.801  3041  3058 W System  : A resource failed to call release.
03-25 20:26:29.823  1975  2181 D EGL_emulation: eglMakeCurrent: 0xe2c74b80: ver 3 0 (tinfo 0xcdbec350)
03-25 20:26:29.829  3479 13157 I MicroRecognitionRunner: Starting detection.
03-25 20:26:29.830  3479 12194 I MicrophoneInputStream: mic_starting  SR : 16000 CC : 16 SO : 6
03-25 20:26:29.830  1617  1952 E         : Request requires android.permission.RECORD_AUDIO
03-25 20:26:29.830  1617  1952 E AudioPolicyIntefaceImpl: getInputForAttr permission denied: recording not allowed for uid 10041 pid 3479
03-25 20:26:29.830  1617  1952 E AudioFlinger: createRecord() checkRecordThread_l failed
03-25 20:26:29.831  3479 12194 E IAudioFlinger: createRecord returned error -22
03-25 20:26:29.831  3479 12194 E AudioRecord: AudioFlinger could not create record track, status: -22
03-25 20:26:29.831  3479 12194 E AudioRecord-JNI: Error creating AudioRecord instance: initialization check failed with status -22.
03-25 20:26:29.831  3479 12194 E android.media.AudioRecord: Error code -20 when initializing native AudioRecord object.
03-25 20:26:29.831  3479 12194 I MicrophoneInputStream: mic_started  SR : 16000 CC : 16 SO : 6
03-25 20:26:29.841  3479  3479 I MicroDetectionWorker: onReady
03-25 20:26:29.842  3479 12194 I MicrophoneInputStream: mic_close  SR : 16000 CC : 16 SO : 6
03-25 20:26:29.846  3479 13157 I MicroRecognitionRunner: Detection finished
03-25 20:26:29.847  1975  2181 D EGL_emulation: eglMakeCurrent: 0xe2c74b80: ver 3 0 (tinfo 0xcdbec350)
03-25 20:26:29.849  3479 13157 W ErrorReporter: reportError [type: 211, code: 524300]: Error reading from input stream
03-25 20:26:29.850  3479  3562 I MicroRecognitionRunner: Stopping hotword detection.
03-25 20:26:29.850  3479 13157 W ErrorProcessor: onFatalError, processing error from engine(4)
03-25 20:26:29.850  3479 13157 W ErrorProcessor: com.google.android.apps.gsa.shared.speech.b.g: Error reading from input stream
03-25 20:26:29.850  3479 13157 W ErrorProcessor: 	at com.google.android.apps.gsa.staticplugins.microdetection.d.k.a(SourceFile:91)
03-25 20:26:29.850  3479 13157 W ErrorProcessor: 	at com.google.android.apps.gsa.staticplugins.microdetection.d.l.run(Unknown Source:14)
03-25 20:26:29.850  3479 13157 W ErrorProcessor: 	at com.google.android.libraries.gsa.runner.a.a.b(SourceFile:32)
03-25 20:26:29.850  3479 13157 W ErrorProcessor: 	at com.google.android.libraries.gsa.runner.a.c.call(Unknown Source:4)
03-25 20:26:29.850  3479 13157 W ErrorProcessor: 	at java.util.concurrent.FutureTask.run(FutureTask.java:266)
03-25 20:26:29.850  3479 13157 W ErrorProcessor: 	at java.util.concurrent.Executors$RunnableAdapter.call(Executors.java:458)
03-25 20:26:29.850  3479 13157 W ErrorProcessor: 	at java.util.concurrent.FutureTask.run(FutureTask.java:266)
03-25 20:26:29.850  3479 13157 W ErrorProcessor: 	at com.google.android.apps.gsa.shared.util.concurrent.b.g.run(Unknown Source:4)
03-25 20:26:29.850  3479 13157 W ErrorProcessor: 	at com.google.android.apps.gsa.shared.util.concurrent.b.aw.run(SourceFile:4)
03-25 20:26:29.850  3479 13157 W ErrorProcessor: 	at com.google.android.apps.gsa.shared.util.concurrent.b.aw.run(SourceFile:4)
03-25 20:26:29.850  3479 13157 W ErrorProcessor: 	at java.util.concurrent.ThreadPoolExecutor.runWorker(ThreadPoolExecutor.java:1167)
03-25 20:26:29.850  3479 13157 W ErrorProcessor: 	at java.util.concurrent.ThreadPoolExecutor$Worker.run(ThreadPoolExecutor.java:641)
03-25 20:26:29.850  3479 13157 W ErrorProcessor: 	at java.lang.Thread.run(Thread.java:764)
03-25 20:26:29.850  3479 13157 W ErrorProcessor: 	at com.google.android.apps.gsa.shared.util.concurrent.b.i.run(SourceFile:6)
03-25 20:26:29.850  3479 13157 W ErrorProcessor: Caused by: com.google.android.apps.gsa.shared.exception.GsaIOException: Error code: 393238 | Buffer overflow, no available space.
03-25 20:26:29.850  3479 13157 W ErrorProcessor: 	at com.google.android.apps.gsa.speech.audio.Tee.j(SourceFile:103)
03-25 20:26:29.850  3479 13157 W ErrorProcessor: 	at com.google.android.apps.gsa.speech.audio.au.read(SourceFile:2)
03-25 20:26:29.850  3479 13157 W ErrorProcessor: 	at java.io.InputStream.read(InputStream.java:101)
03-25 20:26:29.850  3479 13157 W ErrorProcessor: 	at com.google.android.apps.gsa.speech.audio.ao.run(SourceFile:17)
03-25 20:26:29.850  3479 13157 W ErrorProcessor: 	at com.google.android.apps.gsa.speech.audio.an.run(SourceFile:2)
03-25 20:26:29.850  3479 13157 W ErrorProcessor: 	at java.util.concurrent.Executors$RunnableAdapter.call(Executors.java:458)
03-25 20:26:29.850  3479 13157 W ErrorProcessor: 	... 10 more
03-25 20:26:29.850  3479 13157 I AudioController: internalShutdown
03-25 20:26:29.856  1975  2181 D EGL_emulation: eglMakeCurrent: 0xe2c74b80: ver 3 0 (tinfo 0xcdbec350)
03-25 20:26:29.863  1854  2098 I GnssLocationProvider: WakeLock acquired by sendMessage(SET_REQUEST, 0, com.android.server.location.GnssLocationProvider$GpsRequest@c319c77)
03-25 20:26:29.869  1854  2025 I GnssLocationProvider: WakeLock acquired by sendMessage(REPORT_SV_STATUS, 0, com.android.server.location.GnssLocationProvider$SvStatusInfo@9d610e4)
03-25 20:26:29.869  1854  1914 I GnssLocationProvider: WakeLock acquired by sendMessage(REPORT_LOCATION, 1, Location[gps 37.421998,-122.084000 hAcc=20 et=?!? alt=5.0 vel=0.0 bear=0.0 vAcc=??? sAcc=??? bAcc=???])
03-25 20:26:29.870  1854  1867 I GnssLocationProvider: WakeLock released by handleMessage(SET_REQUEST, 0, com.android.server.location.GnssLocationProvider$GpsRequest@c319c77)
03-25 20:26:29.870  1854  1867 I GnssLocationProvider: WakeLock released by handleMessage(REPORT_SV_STATUS, 0, com.android.server.location.GnssLocationProvider$SvStatusInfo@9d610e4)
03-25 20:26:29.872  1854  2766 I GnssLocationProvider: WakeLock acquired by sendMessage(REPORT_SV_STATUS, 0, com.android.server.location.GnssLocationProvider$SvStatusInfo@da2d94d)
03-25 20:26:29.877  1854  1867 I GnssLocationProvider: WakeLock released by handleMessage(REPORT_LOCATION, 1, Location[gps 37.421998,-122.084000 hAcc=20 et=+2h4m49s54ms alt=5.0 vel=0.0 bear=0.0 vAcc=??? sAcc=??? bAcc=??? {Bundle[{satellites=0, maxCn0=0, meanCn0=0}]}])
03-25 20:26:29.879  1854  1867 I GnssLocationProvider: WakeLock released by handleMessage(REPORT_SV_STATUS, 0, com.android.server.location.GnssLocationProvider$SvStatusInfo@da2d94d)
03-25 20:26:29.900  1975  2181 D EGL_emulation: eglMakeCurrent: 0xe2c74b80: ver 3 0 (tinfo 0xcdbec350)
03-25 20:26:29.902  3479  3479 I MicroDetector: Keeping mic open: false
03-25 20:26:29.902  3479  3479 I MicroDetectionWorker: #onError(false)
03-25 20:26:29.903  3479  9002 I DeviceStateChecker: DeviceStateChecker cancelled
03-25 20:26:29.910  1975  2181 D EGL_emulation: eglMakeCurrent: 0xe2c74b80: ver 3 0 (tinfo 0xcdbec350)
03-25 20:26:29.948  1975  2181 I chatty  : uid=10026(com.android.systemui) RenderThread identical 4 lines
03-25 20:26:29.962  1975  2181 D EGL_emulation: eglMakeCurrent: 0xe2c74b80: ver 3 0 (tinfo 0xcdbec350)
03-25 20:26:29.970  1975  1995 I ndroid.systemu: NativeAlloc concurrent copying GC freed 3014(277KB) AllocSpace objects, 0(0B) LOS objects, 49% free, 5MB/10MB, paused 14.821ms total 199.583ms
03-25 20:26:29.970  1975  2035 I ndroid.systemu: WaitForGcToComplete blocked ProfileSaver on HeapTrim for 193.110ms
03-25 20:26:29.985  1975  2181 D EGL_emulation: eglMakeCurrent: 0xe2c74b80: ver 3 0 (tinfo 0xcdbec350)
03-25 20:26:30.011  2269 13700 W ctxmgr  : [AclManager] No 3 for (accnt=account#-517948760#, com.google.android.gms(10013):UserVelocityProducer, vrsn=220618031, 0, 3pPkg = null ,  3pMdlId = null ,  pid = 2269 ,  featureId = null). Was: 3 for 1, account#-517948760# [CONTEXT service_id=47 ]
03-25 20:26:30.117 14115 14157 D EGL_emulation: eglMakeCurrent: 0xe44052a0: ver 3 0 (tinfo 0xe4403810)
03-25 20:26:30.134 14115 14115 D LifecycleMonitor: Lifecycle status change: androidx.test.core.app.InstrumentationActivityInvoker$EmptyActivity@4711e6 in: STOPPED
03-25 20:26:30.135 14115 14115 D LifecycleMonitor: running callback: androidx.test.core.app.ActivityScenario$1@97954dd
03-25 20:26:30.136 14115 14115 V ActivityScenario: Activity lifecycle changed event received but ignored because the intent does not match. startActivityIntent=Intent { act=android.intent.action.MAIN cat=[android.intent.category.LAUNCHER] cmp=com.example.dogglers/.HorizontalListActivity }, activity.getIntent()=Intent { act=android.intent.action.MAIN cat=[android.intent.category.LAUNCHER] flg=0x10000000 cmp=com.example.dogglers/androidx.test.core.app.InstrumentationActivityInvoker$EmptyActivity }, activity=androidx.test.core.app.InstrumentationActivityInvoker$EmptyActivity@4711e6
03-25 20:26:30.136 14115 14115 D LifecycleMonitor: callback completes: androidx.test.core.app.ActivityScenario$1@97954dd
03-25 20:26:30.137 14115 14115 D LifecycleMonitor: Lifecycle status change: androidx.test.core.app.InstrumentationActivityInvoker$EmptyActivity@4711e6 in: DESTROYED
03-25 20:26:30.137 14115 14115 D LifecycleMonitor: running callback: androidx.test.core.app.ActivityScenario$1@97954dd
03-25 20:26:30.138 14115 14115 V ActivityScenario: Activity lifecycle changed event received but ignored because the intent does not match. startActivityIntent=Intent { act=android.intent.action.MAIN cat=[android.intent.category.LAUNCHER] cmp=com.example.dogglers/.HorizontalListActivity }, activity.getIntent()=Intent { act=android.intent.action.MAIN cat=[android.intent.category.LAUNCHER] flg=0x10000000 cmp=com.example.dogglers/androidx.test.core.app.InstrumentationActivityInvoker$EmptyActivity }, activity=androidx.test.core.app.InstrumentationActivityInvoker$EmptyActivity@4711e6
03-25 20:26:30.138  1854  3231 D HostConnection: HostConnection::get() New Host Connection established 0xcf5c70c0, tid 3231
03-25 20:26:30.138 14115 14115 D LifecycleMonitor: callback completes: androidx.test.core.app.ActivityScenario$1@97954dd
03-25 20:26:30.155  1854  3231 D HostConnection: HostComposition ext ANDROID_EMU_CHECKSUM_HELPER_v1 ANDROID_EMU_native_sync_v2 ANDROID_EMU_native_sync_v3 ANDROID_EMU_native_sync_v4 ANDROID_EMU_dma_v1 ANDROID_EMU_YUV420_888_to_NV21 ANDROID_EMU_YUV_Cache ANDROID_EMU_sync_buffer_data GL_OES_EGL_image_external_essl3 GL_OES_vertex_array_object GL_KHR_texture_compression_astc_ldr ANDROID_EMU_host_side_tracing ANDROID_EMU_gles_max_version_3_0
03-25 20:26:30.157  1854  3231 I ConfigStore: android::hardware::configstore::V1_0::ISurfaceFlingerConfigs::hasWideColorDisplay retrieved: 0
03-25 20:26:30.157  1854  3231 I ConfigStore: android::hardware::configstore::V1_0::ISurfaceFlingerConfigs::hasHDRDisplay retrieved: 0
03-25 20:26:30.157  1854  3231 I OpenGLRenderer: Initialized EGL, version 1.4
03-25 20:26:30.157  1854  3231 D OpenGLRenderer: Swap behavior 1
03-25 20:26:30.157  1854  3231 W OpenGLRenderer: Failed to choose config with EGL_SWAP_BEHAVIOR_PRESERVED, retrying without...
03-25 20:26:30.157  1854  3231 D OpenGLRenderer: Swap behavior 0
03-25 20:26:30.180 14115 14115 D LifecycleMonitor: Lifecycle status change: com.example.dogglers.HorizontalListActivity@7845c76 in: STOPPED
03-25 20:26:30.180 14115 14115 D LifecycleMonitor: running callback: androidx.test.core.app.ActivityScenario$1@97954dd
03-25 20:26:30.181 14115 14115 V ActivityScenario: Update currentActivityStage to STOPPED, currentActivity=com.example.dogglers.HorizontalListActivity@7845c76
03-25 20:26:30.181 14115 14115 D LifecycleMonitor: callback completes: androidx.test.core.app.ActivityScenario$1@97954dd
03-25 20:26:30.182 14115 14115 D LifecycleMonitor: Lifecycle status change: com.example.dogglers.HorizontalListActivity@7845c76 in: DESTROYED
03-25 20:26:30.182 14115 14115 D LifecycleMonitor: running callback: androidx.test.core.app.ActivityScenario$1@97954dd
03-25 20:26:30.182 14115 14115 V ActivityScenario: Update currentActivityStage to DESTROYED, currentActivity=null
03-25 20:26:30.182 14115 14115 D LifecycleMonitor: callback completes: androidx.test.core.app.ActivityScenario$1@97954dd
03-25 20:26:30.183 14115 14147 I TestRunner: finished: recycler_view_item_count(com.example.dogglers.HorizontalListTests)
